fr\onsiea\tools\projects\manager\project\settings\resources\Resource$Loaded.class
fr\onsiea\tools\projects\manager\project\settings\resources\EnumResourceFilesCollisionAction.class
fr\onsiea\tools\projects\manager\project\settings\resources\Resource$1.class
fr\onsiea\tools\projects\manager\project\settings\pom\PomManager.class
fr\onsiea\tools\projects\manager\project\settings\MavenSettings.class
fr\onsiea\tools\projects\manager\project\settings\pom\PomCompiler.class
fr\onsiea\tools\projects\manager\project\settings\resources\Resource$Builder.class
fr\onsiea\tools\projects\manager\project\settings\resources\EnumResourceScope.class
fr\onsiea\tools\projects\manager\project\settings\resources\Resource$IPathGetter.class
fr\onsiea\tools\projects\manager\project\ProjectModule.class
fr\onsiea\tools\projects\manager\project\settings\pom\PomManager$IChild.class
fr\onsiea\tools\projects\manager\project\settings\pom\details\PomDetails.class
fr\onsiea\tools\projects\manager\project\settings\pom\PomFormatter.class
fr\onsiea\tools\projects\manager\project\settings\pom\details\PomTag.class
fr\onsiea\tools\projects\manager\project\settings\resources\FilesManager.class
fr\onsiea\tools\projects\manager\project\settings\resources\ResourcesManager.class
fr\onsiea\tools\projects\manager\project\settings\resources\EnumResourceStructure.class
fr\onsiea\tools\projects\manager\project\settings\resources\Resource.class
fr\onsiea\tools\projects\manager\project\settings\pom\details\IPomDetails.class
fr\onsiea\tools\projects\manager\project\settings\pom\PomManager$Builder.class
fr\onsiea\tools\projects\manager\project\settings\resources\Resource$Builder$1.class
fr\onsiea\tools\projects\manager\project\settings\resources\FilesManager$1.class
fr\onsiea\tools\projects\manager\project\settings\MavenSettings$Builder.class
fr\onsiea\tools\projects\manager\project\settings\pom\details\EnumTagState.class
fr\onsiea\tools\projects\manager\project\settings\resources\Resource$IResourceFunction.class
fr\onsiea\tools\projects\manager\project\ProjectModule$Builder.class
fr\onsiea\tools\projects\manager\project\settings\resources\EnumResourceState.class
fr\onsiea\tools\projects\manager\project\settings\resources\EnumResourceType.class
fr\onsiea\tools\projects\manager\project\settings\pom\details\PomDetailsBuilder.class
fr\onsiea\tools\projects\manager\project\settings\resources\ResourcesManager$Builder.class
