P:\Java\ide\intellij\onsiea\tools\ProjectsManager\src\main\java\fr\onsiea\tools\projects\manager\project\settings\resources\ResourcesManager.java
P:\Java\ide\intellij\onsiea\tools\ProjectsManager\src\main\java\fr\onsiea\tools\projects\manager\project\settings\pom\details\PomDetails.java
P:\Java\ide\intellij\onsiea\tools\ProjectsManager\src\main\java\fr\onsiea\tools\projects\manager\project\settings\resources\EnumResourceFilesCollisionAction.java
P:\Java\ide\intellij\onsiea\tools\ProjectsManager\src\main\java\fr\onsiea\tools\projects\manager\project\settings\resources\Resource.java
P:\Java\ide\intellij\onsiea\tools\ProjectsManager\src\main\java\fr\onsiea\tools\projects\manager\project\settings\MavenSettings.java
P:\Java\ide\intellij\onsiea\tools\ProjectsManager\src\main\java\fr\onsiea\tools\projects\manager\project\ProjectModule.java
P:\Java\ide\intellij\onsiea\tools\ProjectsManager\src\main\java\fr\onsiea\tools\projects\manager\project\settings\resources\EnumResourceScope.java
P:\Java\ide\intellij\onsiea\tools\ProjectsManager\src\main\java\fr\onsiea\tools\projects\manager\project\settings\resources\EnumResourceType.java
P:\Java\ide\intellij\onsiea\tools\ProjectsManager\src\main\java\fr\onsiea\tools\projects\manager\project\settings\pom\PomManager.java
P:\Java\ide\intellij\onsiea\tools\ProjectsManager\src\main\java\fr\onsiea\tools\projects\manager\project\settings\pom\details\PomDetailsBuilder.java
P:\Java\ide\intellij\onsiea\tools\ProjectsManager\src\main\java\fr\onsiea\tools\projects\manager\project\settings\pom\details\PomTag.java
P:\Java\ide\intellij\onsiea\tools\ProjectsManager\src\main\java\fr\onsiea\tools\projects\manager\project\settings\resources\FilesManager.java
P:\Java\ide\intellij\onsiea\tools\ProjectsManager\src\main\java\fr\onsiea\tools\projects\manager\project\settings\pom\details\EnumTagState.java
P:\Java\ide\intellij\onsiea\tools\ProjectsManager\src\main\java\fr\onsiea\tools\projects\manager\project\settings\pom\details\IPomDetails.java
P:\Java\ide\intellij\onsiea\tools\ProjectsManager\src\main\java\fr\onsiea\tools\projects\manager\project\settings\resources\EnumResourceStructure.java
P:\Java\ide\intellij\onsiea\tools\ProjectsManager\src\main\java\fr\onsiea\tools\projects\manager\project\settings\pom\PomCompiler.java
P:\Java\ide\intellij\onsiea\tools\ProjectsManager\src\main\java\fr\onsiea\tools\projects\manager\project\settings\pom\PomFormatter.java
P:\Java\ide\intellij\onsiea\tools\ProjectsManager\src\main\java\fr\onsiea\tools\projects\manager\project\settings\resources\EnumResourceState.java
